// Jest Snapshot v1, https://jestjs.io/docs/snapshot-testing

exports[`generate function - Razor mode should generate razor templates matching snapshots 1`] = `
[
  {
    "mjmlParseErrors": [],
    "name": "notification",
    "outputTemplates": [
      {
        "content": "<!doctype html>
<html lang="und" dir="auto" xmlns="http://www.w3.org/1999/xhtml" xmlns:v="urn:schemas-microsoft-com:vml" xmlns:o="urn:schemas-microsoft-com:office:office">

<head>
  <title></title>
  <!--[if !mso]><!-->
  <meta http-equiv="X-UA-Compatible" content="IE=edge">
  <!--<![endif]-->
  <meta http-equiv="Content-Type" content="text/html; charset=UTF-8">
  <meta name="viewport" content="width=device-width, initial-scale=1">
  <style type="text/css">
    #outlook a {
      padding: 0;
    }

    body {
      margin: 0;
      padding: 0;
      -webkit-text-size-adjust: 100%;
      -ms-text-size-adjust: 100%;
    }

    table,
    td {
      border-collapse: collapse;
      mso-table-lspace: 0pt;
      mso-table-rspace: 0pt;
    }

    img {
      border: 0;
      height: auto;
      line-height: 100%;
      outline: none;
      text-decoration: none;
      -ms-interpolation-mode: bicubic;
    }

    p {
      display: block;
      margin: 13px 0;
    }
  </style>
  <!--[if mso]>
    <noscript>
    <xml>
    <o:OfficeDocumentSettings>
      <o:AllowPNG/>
      <o:PixelsPerInch>96</o:PixelsPerInch>
    </o:OfficeDocumentSettings>
    </xml>
    </noscript>
    <![endif]-->
  <!--[if lte mso 11]>
    <style type="text/css">
      .mj-outlook-group-fix { width:100% !important; }
    </style>
    <![endif]-->

  <!--[if !mso]><!-->
  <link href="https://fonts.googleapis.com/css2?family=Roboto:wght@400;500;700&display=swap" rel="stylesheet" type="text/css">
  <style type="text/css">
    @@import url(https://fonts.googleapis.com/css2?family=Roboto:wght@400;500;700&display=swap);
  </style>
  <!--<![endif]-->

  <style type="text/css">
    @@media only screen and (min-width:480px) {
      .mj-column-per-100 {
        width: 100% !important;
        max-width: 100%;
      }
    }
  </style>
  <style media="screen and (min-width:480px)">
    .moz-text-html .mj-column-per-100 {
      width: 100% !important;
      max-width: 100%;
    }
  </style>

  <style type="text/css">
    @@media only screen and (max-width:479px) {
      table.mj-full-width-mobile {
        width: 100% !important;
      }

      td.mj-full-width-mobile {
        width: auto !important;
      }
    }
  </style>

</head>

<body style="word-spacing:normal;background-color:#f9fafb;">

  <div style="background-color:#f9fafb;" lang="und" dir="auto">

    <!--[if mso | IE]><table align="center" border="0" cellpadding="0" cellspacing="0" class="header-outlook" role="presentation" style="width:600px;" width="600" ><tr><td style="line-height:0px;font-size:0px;mso-line-height-rule:exactly;"><![endif]-->

    <div class="header" style="background-color: #059669; color: white; margin: 0px auto; max-width: 600px;">

      <table align="center" border="0" cellpadding="0" cellspacing="0" role="presentation" style="width:100%;">
        <tbody>
          <tr>
            <td style="direction:ltr;font-size:0px;padding:0;text-align:center;">
              <!--[if mso | IE]><table role="presentation" border="0" cellpadding="0" cellspacing="0"><tr><td class="" style="vertical-align:top;width:600px;" ><![endif]-->

              <div class="mj-column-per-100 mj-outlook-group-fix" style="font-size:0px;text-align:left;direction:ltr;display:inline-block;vertical-align:top;width:100%;">

                <table border="0" cellpadding="0" cellspacing="0" role="presentation" width="100%">
                  <tbody>
                    <tr>
                      <td style="vertical-align:top;padding:0;">

                        <table border="0" cellpadding="0" cellspacing="0" role="presentation" style width="100%">
                          <tbody>

                            <tr>
                              <td align="center" style="font-size:0px;padding:0;padding-bottom:24px;word-break:break-word;">

                                <table border="0" cellpadding="0" cellspacing="0" role="presentation" style="border-collapse:collapse;border-spacing:0px;">
                                  <tbody>
                                    <tr>
                                      <td style="width:150px;">

                                        <img alt="System Notification" src="\${storage}/static/company-logo.png" style="border:0;display:block;outline:none;text-decoration:none;height:auto;width:100%;font-size:13px;" width="150" height="auto">

                                      </td>
                                    </tr>
                                  </tbody>
                                </table>

                              </td>
                            </tr>

                            <tr>
                              <td align="left" style="font-size:0px;padding:0;padding-bottom:16px;word-break:break-word;">

                                <div style="font-family:Roboto, Arial, sans-serif;font-size:20px;font-weight:700;line-height:28px;text-align:left;color:white;">System Notification</div>

                              </td>
                            </tr>

                          </tbody>
                        </table>

                      </td>
                    </tr>
                  </tbody>
                </table>

              </div>

              <!--[if mso | IE]></td></tr></table><![endif]-->
            </td>
          </tr>
        </tbody>
      </table>

    </div>

    <!--[if mso | IE]></td></tr></table><table align="center" border="0" cellpadding="0" cellspacing="0" class="" role="presentation" style="width:600px;" width="600" ><tr><td style="line-height:0px;font-size:0px;mso-line-height-rule:exactly;"><![endif]-->

    <div style="margin:0px auto;max-width:600px;">

      <table align="center" border="0" cellpadding="0" cellspacing="0" role="presentation" style="width:100%;">
        <tbody>
          <tr>
            <td style="direction:ltr;font-size:0px;padding:20px;text-align:center;">
              <!--[if mso | IE]><table role="presentation" border="0" cellpadding="0" cellspacing="0"><tr><td class="" style="vertical-align:top;width:560px;" ><![endif]-->

              <div class="mj-column-per-100 mj-outlook-group-fix" style="font-size:0px;text-align:left;direction:ltr;display:inline-block;vertical-align:top;width:100%;">

                <table border="0" cellpadding="0" cellspacing="0" role="presentation" width="100%">
                  <tbody>
                    <tr>
                      <td style="vertical-align:top;padding:0;">

                        <table border="0" cellpadding="0" cellspacing="0" role="presentation" style width="100%">
                          <tbody>

                            <tr>
                              <td align="left" style="font-size:0px;padding:0;padding-bottom:20px;word-break:break-word;">

                                <div style="font-family:Roboto, Arial, sans-serif;font-size:14px;font-weight:400;line-height:20px;text-align:left;color:#374151;">Dear @Model.User.FullName,</div>

                              </td>
                            </tr>

                            <tr>
                              <td align="left" class="alert-box" style="background-color: #fef3c7; border-left: 4px solid #f59e0b; font-size: 0px; padding: 0; padding-bottom: 20px; word-break: break-word;" bgcolor="#fef3c7">

                                <div style="font-family:Roboto, Arial, sans-serif;font-size:14px;font-weight:400;line-height:20px;text-align:left;color:#374151;">Your account status has been updated to: @Model.Status as of @Model.UpdateDate.</div>

                              </td>
                            </tr>

                            <tr>
                              <td align="left" style="font-size:0px;padding:0;padding-bottom:20px;word-break:break-word;">

                                <div style="font-family:Roboto, Arial, sans-serif;font-size:14px;font-weight:400;line-height:20px;text-align:left;color:#374151;">Action required: @Model.RequiredAction</div>

                              </td>
                            </tr>

                            <tr>
                              <td align="center" style="font-size:0px;padding:0;word-break:break-word;">

                                <table border="0" cellpadding="0" cellspacing="0" role="presentation" style="border-collapse:separate;line-height:100%;">
                                  <tbody>
                                    <tr>
                                      <td align="center" bgcolor="#2563eb" role="presentation" style="border:none;border-radius:6px;cursor:auto;mso-padding-alt:10px 16px;background:#2563eb;" valign="middle">
                                        <a href="@Model.ActionUrl" style="display: inline-block; background: #2563eb; color: #ffffff; font-family: Roboto, Arial, sans-serif; font-size: 14px; font-weight: 500; line-height: 20px; margin: 0; text-decoration: none; text-transform: none; padding: 10px 16px; mso-padding-alt: 0px; border-radius: 6px;" target="_blank">
                                          Take Action Now
                                        </a>
                                      </td>
                                    </tr>
                                  </tbody>
                                </table>

                              </td>
                            </tr>

                            <tr>
                              <td align="center" style="font-size:0px;padding:0;padding-bottom:20px;word-break:break-word;">

                                <p style="border-top:solid 1px #d1d5db;font-size:1px;margin:0px auto;width:100%;">
                                </p>

                                <!--[if mso | IE]><table align="center" border="0" cellpadding="0" cellspacing="0" style="border-top:solid 1px #d1d5db;font-size:1px;margin:0px auto;width:560px;" role="presentation" width="560px" ><tr><td style="height:0;line-height:0;"> &nbsp;
</td></tr></table><![endif]-->

                              </td>
                            </tr>

                            <tr>
                              <td align="center" style="font-size:0px;padding:0;padding-bottom:16px;word-break:break-word;">

                                <div style="font-family:Roboto, Arial, sans-serif;font-size:12px;font-weight:400;line-height:18px;text-align:center;color:#6b7280;">Reference: @Model.ReferenceNumber</div>

                              </td>
                            </tr>

                            <tr>
                              <td align="center" style="font-size:0px;padding:0;word-break:break-word;">

                                <div style="font-family:Roboto, Arial, sans-serif;font-size:11px;font-weight:400;line-height:16px;text-align:center;color:#9ca3af;">Need help? Contact our support team at support@example.com</div>

                              </td>
                            </tr>

                          </tbody>
                        </table>

                      </td>
                    </tr>
                  </tbody>
                </table>

              </div>

              <!--[if mso | IE]></td></tr></table><![endif]-->
            </td>
          </tr>
        </tbody>
      </table>

    </div>

    <!--[if mso | IE]></td></tr></table><![endif]-->

  </div>

</body>

</html>",
        "filename": "notification.cshtml",
      },
      {
        "content": "<!doctype html>
<html lang="und" dir="auto" xmlns="http://www.w3.org/1999/xhtml" xmlns:v="urn:schemas-microsoft-com:vml" xmlns:o="urn:schemas-microsoft-com:office:office">

<head>
  <title></title>
  <!--[if !mso]><!-->
  <meta http-equiv="X-UA-Compatible" content="IE=edge">
  <!--<![endif]-->
  <meta http-equiv="Content-Type" content="text/html; charset=UTF-8">
  <meta name="viewport" content="width=device-width, initial-scale=1">
  <style type="text/css">
    #outlook a {
      padding: 0;
    }

    body {
      margin: 0;
      padding: 0;
      -webkit-text-size-adjust: 100%;
      -ms-text-size-adjust: 100%;
    }

    table,
    td {
      border-collapse: collapse;
      mso-table-lspace: 0pt;
      mso-table-rspace: 0pt;
    }

    img {
      border: 0;
      height: auto;
      line-height: 100%;
      outline: none;
      text-decoration: none;
      -ms-interpolation-mode: bicubic;
    }

    p {
      display: block;
      margin: 13px 0;
    }
  </style>
  <!--[if mso]>
    <noscript>
    <xml>
    <o:OfficeDocumentSettings>
      <o:AllowPNG/>
      <o:PixelsPerInch>96</o:PixelsPerInch>
    </o:OfficeDocumentSettings>
    </xml>
    </noscript>
    <![endif]-->
  <!--[if lte mso 11]>
    <style type="text/css">
      .mj-outlook-group-fix { width:100% !important; }
    </style>
    <![endif]-->

  <!--[if !mso]><!-->
  <link href="https://fonts.googleapis.com/css2?family=Roboto:wght@400;500;700&display=swap" rel="stylesheet" type="text/css">
  <style type="text/css">
    @@import url(https://fonts.googleapis.com/css2?family=Roboto:wght@400;500;700&display=swap);
  </style>
  <!--<![endif]-->

  <style type="text/css">
    @@media only screen and (min-width:480px) {
      .mj-column-per-100 {
        width: 100% !important;
        max-width: 100%;
      }
    }
  </style>
  <style media="screen and (min-width:480px)">
    .moz-text-html .mj-column-per-100 {
      width: 100% !important;
      max-width: 100%;
    }
  </style>

  <style type="text/css">
    @@media only screen and (max-width:479px) {
      table.mj-full-width-mobile {
        width: 100% !important;
      }

      td.mj-full-width-mobile {
        width: auto !important;
      }
    }
  </style>

</head>

<body style="word-spacing:normal;background-color:#f9fafb;">

  <div style="background-color:#f9fafb;" lang="und" dir="auto">

    <!--[if mso | IE]><table align="center" border="0" cellpadding="0" cellspacing="0" class="header-outlook" role="presentation" style="width:600px;" width="600" ><tr><td style="line-height:0px;font-size:0px;mso-line-height-rule:exactly;"><![endif]-->

    <div class="header" style="background-color: #059669; color: white; margin: 0px auto; max-width: 600px;">

      <table align="center" border="0" cellpadding="0" cellspacing="0" role="presentation" style="width:100%;">
        <tbody>
          <tr>
            <td style="direction:ltr;font-size:0px;padding:0;text-align:center;">
              <!--[if mso | IE]><table role="presentation" border="0" cellpadding="0" cellspacing="0"><tr><td class="" style="vertical-align:top;width:600px;" ><![endif]-->

              <div class="mj-column-per-100 mj-outlook-group-fix" style="font-size:0px;text-align:left;direction:ltr;display:inline-block;vertical-align:top;width:100%;">

                <table border="0" cellpadding="0" cellspacing="0" role="presentation" width="100%">
                  <tbody>
                    <tr>
                      <td style="vertical-align:top;padding:0;">

                        <table border="0" cellpadding="0" cellspacing="0" role="presentation" style width="100%">
                          <tbody>

                            <tr>
                              <td align="center" style="font-size:0px;padding:0;padding-bottom:24px;word-break:break-word;">

                                <table border="0" cellpadding="0" cellspacing="0" role="presentation" style="border-collapse:collapse;border-spacing:0px;">
                                  <tbody>
                                    <tr>
                                      <td style="width:150px;">

                                        <img alt="Powiadomienie systemowe" src="\${storage}/static/company-logo.png" style="border:0;display:block;outline:none;text-decoration:none;height:auto;width:100%;font-size:13px;" width="150" height="auto">

                                      </td>
                                    </tr>
                                  </tbody>
                                </table>

                              </td>
                            </tr>

                            <tr>
                              <td align="left" style="font-size:0px;padding:0;padding-bottom:16px;word-break:break-word;">

                                <div style="font-family:Roboto, Arial, sans-serif;font-size:20px;font-weight:700;line-height:28px;text-align:left;color:white;">Powiadomienie systemowe</div>

                              </td>
                            </tr>

                          </tbody>
                        </table>

                      </td>
                    </tr>
                  </tbody>
                </table>

              </div>

              <!--[if mso | IE]></td></tr></table><![endif]-->
            </td>
          </tr>
        </tbody>
      </table>

    </div>

    <!--[if mso | IE]></td></tr></table><table align="center" border="0" cellpadding="0" cellspacing="0" class="" role="presentation" style="width:600px;" width="600" ><tr><td style="line-height:0px;font-size:0px;mso-line-height-rule:exactly;"><![endif]-->

    <div style="margin:0px auto;max-width:600px;">

      <table align="center" border="0" cellpadding="0" cellspacing="0" role="presentation" style="width:100%;">
        <tbody>
          <tr>
            <td style="direction:ltr;font-size:0px;padding:20px;text-align:center;">
              <!--[if mso | IE]><table role="presentation" border="0" cellpadding="0" cellspacing="0"><tr><td class="" style="vertical-align:top;width:560px;" ><![endif]-->

              <div class="mj-column-per-100 mj-outlook-group-fix" style="font-size:0px;text-align:left;direction:ltr;display:inline-block;vertical-align:top;width:100%;">

                <table border="0" cellpadding="0" cellspacing="0" role="presentation" width="100%">
                  <tbody>
                    <tr>
                      <td style="vertical-align:top;padding:0;">

                        <table border="0" cellpadding="0" cellspacing="0" role="presentation" style width="100%">
                          <tbody>

                            <tr>
                              <td align="left" style="font-size:0px;padding:0;padding-bottom:20px;word-break:break-word;">

                                <div style="font-family:Roboto, Arial, sans-serif;font-size:14px;font-weight:400;line-height:20px;text-align:left;color:#374151;">Szanowny/a @Model.User.FullName,</div>

                              </td>
                            </tr>

                            <tr>
                              <td align="left" class="alert-box" style="background-color: #fef3c7; border-left: 4px solid #f59e0b; font-size: 0px; padding: 0; padding-bottom: 20px; word-break: break-word;" bgcolor="#fef3c7">

                                <div style="font-family:Roboto, Arial, sans-serif;font-size:14px;font-weight:400;line-height:20px;text-align:left;color:#374151;">Status Twojego konta został zaktualizowany na: @Model.Status z dniem @Model.UpdateDate.</div>

                              </td>
                            </tr>

                            <tr>
                              <td align="left" style="font-size:0px;padding:0;padding-bottom:20px;word-break:break-word;">

                                <div style="font-family:Roboto, Arial, sans-serif;font-size:14px;font-weight:400;line-height:20px;text-align:left;color:#374151;">Wymagane działanie: @Model.RequiredAction</div>

                              </td>
                            </tr>

                            <tr>
                              <td align="center" style="font-size:0px;padding:0;word-break:break-word;">

                                <table border="0" cellpadding="0" cellspacing="0" role="presentation" style="border-collapse:separate;line-height:100%;">
                                  <tbody>
                                    <tr>
                                      <td align="center" bgcolor="#2563eb" role="presentation" style="border:none;border-radius:6px;cursor:auto;mso-padding-alt:10px 16px;background:#2563eb;" valign="middle">
                                        <a href="@Model.ActionUrl" style="display: inline-block; background: #2563eb; color: #ffffff; font-family: Roboto, Arial, sans-serif; font-size: 14px; font-weight: 500; line-height: 20px; margin: 0; text-decoration: none; text-transform: none; padding: 10px 16px; mso-padding-alt: 0px; border-radius: 6px;" target="_blank">
                                          Wykonaj działanie teraz
                                        </a>
                                      </td>
                                    </tr>
                                  </tbody>
                                </table>

                              </td>
                            </tr>

                            <tr>
                              <td align="center" style="font-size:0px;padding:0;padding-bottom:20px;word-break:break-word;">

                                <p style="border-top:solid 1px #d1d5db;font-size:1px;margin:0px auto;width:100%;">
                                </p>

                                <!--[if mso | IE]><table align="center" border="0" cellpadding="0" cellspacing="0" style="border-top:solid 1px #d1d5db;font-size:1px;margin:0px auto;width:560px;" role="presentation" width="560px" ><tr><td style="height:0;line-height:0;"> &nbsp;
</td></tr></table><![endif]-->

                              </td>
                            </tr>

                            <tr>
                              <td align="center" style="font-size:0px;padding:0;padding-bottom:16px;word-break:break-word;">

                                <div style="font-family:Roboto, Arial, sans-serif;font-size:12px;font-weight:400;line-height:18px;text-align:center;color:#6b7280;">Numer referencyjny: @Model.ReferenceNumber</div>

                              </td>
                            </tr>

                            <tr>
                              <td align="center" style="font-size:0px;padding:0;word-break:break-word;">

                                <div style="font-family:Roboto, Arial, sans-serif;font-size:11px;font-weight:400;line-height:16px;text-align:center;color:#9ca3af;">Potrzebujesz pomocy? Skontaktuj się z naszym zespołem wsparcia: support@example.com</div>

                              </td>
                            </tr>

                          </tbody>
                        </table>

                      </td>
                    </tr>
                  </tbody>
                </table>

              </div>

              <!--[if mso | IE]></td></tr></table><![endif]-->
            </td>
          </tr>
        </tbody>
      </table>

    </div>

    <!--[if mso | IE]></td></tr></table><![endif]-->

  </div>

</body>

</html>",
        "filename": "notification.pl.cshtml",
      },
    ],
  },
  {
    "mjmlParseErrors": [],
    "name": "notification",
    "outputTemplates": [
      {
        "content": "Powiadomienie systemowe

Szanowny/a @Model.User.FullName,

Status Twojego konta został zaktualizowany na: @Model.Status z dniem @Model.UpdateDate.

Wymagane działanie: @Model.RequiredAction

Wykonaj działanie teraz: @Model.ActionUrl

Numer referencyjny: @Model.ReferenceNumber

Potrzebujesz pomocy? Skontaktuj się z naszym zespołem wsparcia: support@example.com",
        "filename": "notification.pl.txt.cshtml",
      },
      {
        "content": "System Notification

Dear @Model.User.FullName,

Your account status has been updated to: @Model.Status as of @Model.UpdateDate.

Action required: @Model.RequiredAction

Take Action Now: @Model.ActionUrl

Reference: @Model.ReferenceNumber

Need help? Contact our support team at support@example.com",
        "filename": "notification.txt.cshtml",
      },
    ],
  },
]
`;
