// Jest Snapshot v1, https://goo.gl/fbAQLP

exports[`generate function - Kratos mode should generate kratos templates matching snapshots 1`] = `
[
  {
    "mjmlParseErrors": [],
    "name": "welcome",
    "outputTemplates": [
      {
        "content": "{{define "en"}}
<!doctype html>
<html lang="und" dir="auto" xmlns="http://www.w3.org/1999/xhtml" xmlns:v="urn:schemas-microsoft-com:vml" xmlns:o="urn:schemas-microsoft-com:office:office">

<head>
  <title></title>
  <!--[if !mso]><!-->
  <meta http-equiv="X-UA-Compatible" content="IE=edge">
  <!--<![endif]-->
  <meta http-equiv="Content-Type" content="text/html; charset=UTF-8">
  <meta name="viewport" content="width=device-width, initial-scale=1">
  <style type="text/css">
    #outlook a {
      padding: 0;
    }

    body {
      margin: 0;
      padding: 0;
      -webkit-text-size-adjust: 100%;
      -ms-text-size-adjust: 100%;
    }

    table,
    td {
      border-collapse: collapse;
      mso-table-lspace: 0pt;
      mso-table-rspace: 0pt;
    }

    img {
      border: 0;
      height: auto;
      line-height: 100%;
      outline: none;
      text-decoration: none;
      -ms-interpolation-mode: bicubic;
    }

    p {
      display: block;
      margin: 13px 0;
    }
  </style>
  <!--[if mso]>
    <noscript>
    <xml>
    <o:OfficeDocumentSettings>
      <o:AllowPNG/>
      <o:PixelsPerInch>96</o:PixelsPerInch>
    </o:OfficeDocumentSettings>
    </xml>
    </noscript>
    <![endif]-->
  <!--[if lte mso 11]>
    <style type="text/css">
      .mj-outlook-group-fix { width:100% !important; }
    </style>
    <![endif]-->

  <!--[if !mso]><!-->
  <link href="https://fonts.googleapis.com/css2?family=Inter:wght@400;500;700&display=swap" rel="stylesheet" type="text/css">
  <style type="text/css">
    @import url(https://fonts.googleapis.com/css2?family=Inter:wght@400;500;700&display=swap);
  </style>
  <!--<![endif]-->

  <style type="text/css">
    @media only screen and (min-width:480px) {
      .mj-column-per-100 {
        width: 100% !important;
        max-width: 100%;
      }
    }
  </style>
  <style media="screen and (min-width:480px)">
    .moz-text-html .mj-column-per-100 {
      width: 100% !important;
      max-width: 100%;
    }
  </style>

  <style type="text/css">
    @media only screen and (max-width:479px) {
      table.mj-full-width-mobile {
        width: 100% !important;
      }

      td.mj-full-width-mobile {
        width: auto !important;
      }
    }
  </style>

</head>

<body style="word-spacing:normal;background-color:#ffffff;">

  <div style="background-color:#ffffff;" lang="und" dir="auto">

    <!--[if mso | IE]><table align="center" border="0" cellpadding="0" cellspacing="0" class="" role="presentation" style="width:600px;" width="600" ><tr><td style="line-height:0px;font-size:0px;mso-line-height-rule:exactly;"><![endif]-->

    <div style="margin:0px auto;max-width:600px;">

      <table align="center" border="0" cellpadding="0" cellspacing="0" role="presentation" style="width:100%;">
        <tbody>
          <tr>
            <td style="direction:ltr;font-size:0px;padding:0;text-align:center;">
              <!--[if mso | IE]><table role="presentation" border="0" cellpadding="0" cellspacing="0"><tr><td class="" style="vertical-align:top;width:600px;" ><![endif]-->

              <div class="mj-column-per-100 mj-outlook-group-fix" style="font-size:0px;text-align:left;direction:ltr;display:inline-block;vertical-align:top;width:100%;">

                <table border="0" cellpadding="0" cellspacing="0" role="presentation" width="100%">
                  <tbody>
                    <tr>
                      <td style="vertical-align:top;padding:0;">

                        <table border="0" cellpadding="0" cellspacing="0" role="presentation" style width="100%">
                          <tbody>

                            <tr>
                              <td align="center" style="font-size:0px;padding:0;padding-bottom:32px;word-break:break-word;">

                                <table border="0" cellpadding="0" cellspacing="0" role="presentation" style="border-collapse:collapse;border-spacing:0px;">
                                  <tbody>
                                    <tr>
                                      <td style="width:120px;">

                                        <img alt="Welcome to our platform!" src="\${storage}/static/kratos-logo.png" style="border:0;display:block;outline:none;text-decoration:none;height:auto;width:100%;font-size:13px;" width="120" height="auto">

                                      </td>
                                    </tr>
                                  </tbody>
                                </table>

                              </td>
                            </tr>

                            <tr>
                              <td align="center" style="font-size:0px;padding:0;padding-bottom:24px;word-break:break-word;">

                                <div style="font-family:Inter, Arial, sans-serif;font-size:24px;font-weight:700;line-height:32px;text-align:center;color:#2563eb;">Welcome to our platform!</div>

                              </td>
                            </tr>

                            <tr>
                              <td align="left" style="font-size:0px;padding:0;padding-bottom:40px;word-break:break-word;">

                                <div style="font-family:Inter, Arial, sans-serif;font-size:16px;font-weight:400;line-height:24px;text-align:left;color:#374151;">Hello {{ .Identity.traits.first_name }}!</div>

                              </td>
                            </tr>

                            <tr>
                              <td align="left" style="font-size:0px;padding:0;padding-bottom:40px;word-break:break-word;">

                                <div style="font-family:Inter, Arial, sans-serif;font-size:16px;font-weight:400;line-height:24px;text-align:left;color:#374151;">Thank you for registering with us. Please use the verification code below to complete your account setup.</div>

                              </td>
                            </tr>

                            <tr>
                              <td align="center" class="code-block" style="background-color: #f3f4f6; border-radius: 6px; font-family: monospace; font-size: 0px; padding: 0; padding-bottom: 24px; word-break: break-word;" bgcolor="#f3f4f6">

                                <div style="font-family:Inter, Arial, sans-serif;font-size:20px;font-weight:700;line-height:28px;text-align:center;color:#1f2937;">Verification Code: {{ .VerificationCode }}</div>

                              </td>
                            </tr>

                            <tr>
                              <td align="left" style="font-size:0px;padding:0;padding-bottom:40px;word-break:break-word;">

                                <div style="font-family:Inter, Arial, sans-serif;font-size:16px;font-weight:400;line-height:24px;text-align:left;color:#374151;">Account: {{ .Identity.traits.email }} | Plan: {{ .Identity.traits.subscription_plan }}</div>

                              </td>
                            </tr>

                            <tr>
                              <td align="center" style="font-size:0px;padding:0;padding-bottom:20px;word-break:break-word;">

                                <p style="border-top:solid 1px #e5e7eb;font-size:1px;margin:0px auto;width:100%;">
                                </p>

                                <!--[if mso | IE]><table align="center" border="0" cellpadding="0" cellspacing="0" style="border-top:solid 1px #e5e7eb;font-size:1px;margin:0px auto;width:600px;" role="presentation" width="600px" ><tr><td style="height:0;line-height:0;"> &nbsp;
</td></tr></table><![endif]-->

                              </td>
                            </tr>

                            <tr>
                              <td align="center" style="font-size:0px;padding:0;padding-bottom:24px;word-break:break-word;">

                                <div style="font-family:Inter, Arial, sans-serif;font-size:12px;font-weight:400;line-height:18px;text-align:center;color:#6b7280;">This is an automated message. Please do not reply to this email.</div>

                              </td>
                            </tr>

                            <tr>
                              <td align="center" style="font-size:0px;padding:0;word-break:break-word;">

                                <div style="font-family:Inter, Arial, sans-serif;font-size:12px;font-weight:400;line-height:18px;text-align:center;color:#9ca3af;">Â© 2024 Example Company. All rights reserved.</div>

                              </td>
                            </tr>

                          </tbody>
                        </table>

                      </td>
                    </tr>
                  </tbody>
                </table>

              </div>

              <!--[if mso | IE]></td></tr></table><![endif]-->
            </td>
          </tr>
        </tbody>
      </table>

    </div>

    <!--[if mso | IE]></td></tr></table><![endif]-->

  </div>

</body>

</html>
{{end}}

{{define "pl"}}
<!doctype html>
<html lang="und" dir="auto" xmlns="http://www.w3.org/1999/xhtml" xmlns:v="urn:schemas-microsoft-com:vml" xmlns:o="urn:schemas-microsoft-com:office:office">

<head>
  <title></title>
  <!--[if !mso]><!-->
  <meta http-equiv="X-UA-Compatible" content="IE=edge">
  <!--<![endif]-->
  <meta http-equiv="Content-Type" content="text/html; charset=UTF-8">
  <meta name="viewport" content="width=device-width, initial-scale=1">
  <style type="text/css">
    #outlook a {
      padding: 0;
    }

    body {
      margin: 0;
      padding: 0;
      -webkit-text-size-adjust: 100%;
      -ms-text-size-adjust: 100%;
    }

    table,
    td {
      border-collapse: collapse;
      mso-table-lspace: 0pt;
      mso-table-rspace: 0pt;
    }

    img {
      border: 0;
      height: auto;
      line-height: 100%;
      outline: none;
      text-decoration: none;
      -ms-interpolation-mode: bicubic;
    }

    p {
      display: block;
      margin: 13px 0;
    }
  </style>
  <!--[if mso]>
    <noscript>
    <xml>
    <o:OfficeDocumentSettings>
      <o:AllowPNG/>
      <o:PixelsPerInch>96</o:PixelsPerInch>
    </o:OfficeDocumentSettings>
    </xml>
    </noscript>
    <![endif]-->
  <!--[if lte mso 11]>
    <style type="text/css">
      .mj-outlook-group-fix { width:100% !important; }
    </style>
    <![endif]-->

  <!--[if !mso]><!-->
  <link href="https://fonts.googleapis.com/css2?family=Inter:wght@400;500;700&display=swap" rel="stylesheet" type="text/css">
  <style type="text/css">
    @import url(https://fonts.googleapis.com/css2?family=Inter:wght@400;500;700&display=swap);
  </style>
  <!--<![endif]-->

  <style type="text/css">
    @media only screen and (min-width:480px) {
      .mj-column-per-100 {
        width: 100% !important;
        max-width: 100%;
      }
    }
  </style>
  <style media="screen and (min-width:480px)">
    .moz-text-html .mj-column-per-100 {
      width: 100% !important;
      max-width: 100%;
    }
  </style>

  <style type="text/css">
    @media only screen and (max-width:479px) {
      table.mj-full-width-mobile {
        width: 100% !important;
      }

      td.mj-full-width-mobile {
        width: auto !important;
      }
    }
  </style>

</head>

<body style="word-spacing:normal;background-color:#ffffff;">

  <div style="background-color:#ffffff;" lang="und" dir="auto">

    <!--[if mso | IE]><table align="center" border="0" cellpadding="0" cellspacing="0" class="" role="presentation" style="width:600px;" width="600" ><tr><td style="line-height:0px;font-size:0px;mso-line-height-rule:exactly;"><![endif]-->

    <div style="margin:0px auto;max-width:600px;">

      <table align="center" border="0" cellpadding="0" cellspacing="0" role="presentation" style="width:100%;">
        <tbody>
          <tr>
            <td style="direction:ltr;font-size:0px;padding:0;text-align:center;">
              <!--[if mso | IE]><table role="presentation" border="0" cellpadding="0" cellspacing="0"><tr><td class="" style="vertical-align:top;width:600px;" ><![endif]-->

              <div class="mj-column-per-100 mj-outlook-group-fix" style="font-size:0px;text-align:left;direction:ltr;display:inline-block;vertical-align:top;width:100%;">

                <table border="0" cellpadding="0" cellspacing="0" role="presentation" width="100%">
                  <tbody>
                    <tr>
                      <td style="vertical-align:top;padding:0;">

                        <table border="0" cellpadding="0" cellspacing="0" role="presentation" style width="100%">
                          <tbody>

                            <tr>
                              <td align="center" style="font-size:0px;padding:0;padding-bottom:32px;word-break:break-word;">

                                <table border="0" cellpadding="0" cellspacing="0" role="presentation" style="border-collapse:collapse;border-spacing:0px;">
                                  <tbody>
                                    <tr>
                                      <td style="width:120px;">

                                        <img alt="Witamy na naszej platformie!" src="\${storage}/static/kratos-logo.png" style="border:0;display:block;outline:none;text-decoration:none;height:auto;width:100%;font-size:13px;" width="120" height="auto">

                                      </td>
                                    </tr>
                                  </tbody>
                                </table>

                              </td>
                            </tr>

                            <tr>
                              <td align="center" style="font-size:0px;padding:0;padding-bottom:24px;word-break:break-word;">

                                <div style="font-family:Inter, Arial, sans-serif;font-size:24px;font-weight:700;line-height:32px;text-align:center;color:#2563eb;">Witamy na naszej platformie!</div>

                              </td>
                            </tr>

                            <tr>
                              <td align="left" style="font-size:0px;padding:0;padding-bottom:40px;word-break:break-word;">

                                <div style="font-family:Inter, Arial, sans-serif;font-size:16px;font-weight:400;line-height:24px;text-align:left;color:#374151;">Witaj {{ .Identity.traits.first_name }}!</div>

                              </td>
                            </tr>

                            <tr>
                              <td align="left" style="font-size:0px;padding:0;padding-bottom:40px;word-break:break-word;">

                                <div style="font-family:Inter, Arial, sans-serif;font-size:16px;font-weight:400;line-height:24px;text-align:left;color:#374151;">DziÄkujemy za rejestracjÄ. UÅ¼yj poniÅ¼szego kodu weryfikacyjnego, aby dokoÅczyÄ konfiguracjÄ konta.</div>

                              </td>
                            </tr>

                            <tr>
                              <td align="center" class="code-block" style="background-color: #f3f4f6; border-radius: 6px; font-family: monospace; font-size: 0px; padding: 0; padding-bottom: 24px; word-break: break-word;" bgcolor="#f3f4f6">

                                <div style="font-family:Inter, Arial, sans-serif;font-size:20px;font-weight:700;line-height:28px;text-align:center;color:#1f2937;">Kod weryfikacyjny: {{ .VerificationCode }}</div>

                              </td>
                            </tr>

                            <tr>
                              <td align="left" style="font-size:0px;padding:0;padding-bottom:40px;word-break:break-word;">

                                <div style="font-family:Inter, Arial, sans-serif;font-size:16px;font-weight:400;line-height:24px;text-align:left;color:#374151;">Konto: {{ .Identity.traits.email }} | Plan: {{ .Identity.traits.subscription_plan }}</div>

                              </td>
                            </tr>

                            <tr>
                              <td align="center" style="font-size:0px;padding:0;padding-bottom:20px;word-break:break-word;">

                                <p style="border-top:solid 1px #e5e7eb;font-size:1px;margin:0px auto;width:100%;">
                                </p>

                                <!--[if mso | IE]><table align="center" border="0" cellpadding="0" cellspacing="0" style="border-top:solid 1px #e5e7eb;font-size:1px;margin:0px auto;width:600px;" role="presentation" width="600px" ><tr><td style="height:0;line-height:0;"> &nbsp;
</td></tr></table><![endif]-->

                              </td>
                            </tr>

                            <tr>
                              <td align="center" style="font-size:0px;padding:0;padding-bottom:24px;word-break:break-word;">

                                <div style="font-family:Inter, Arial, sans-serif;font-size:12px;font-weight:400;line-height:18px;text-align:center;color:#6b7280;">To jest automatyczna wiadomoÅÄ. ProszÄ nie odpowiadaÄ na ten email.</div>

                              </td>
                            </tr>

                            <tr>
                              <td align="center" style="font-size:0px;padding:0;word-break:break-word;">

                                <div style="font-family:Inter, Arial, sans-serif;font-size:12px;font-weight:400;line-height:18px;text-align:center;color:#9ca3af;">Â© 2024 PrzykÅadowa Firma. Wszelkie prawa zastrzeÅ¼one.</div>

                              </td>
                            </tr>

                          </tbody>
                        </table>

                      </td>
                    </tr>
                  </tbody>
                </table>

              </div>

              <!--[if mso | IE]></td></tr></table><![endif]-->
            </td>
          </tr>
        </tbody>
      </table>

    </div>

    <!--[if mso | IE]></td></tr></table><![endif]-->

  </div>

</body>

</html>
{{end}}

{{- if eq .Identity.traits.lang "pl" -}}
{{ template "pl" . }}
{{- else -}}
{{ template "en" . }}
{{- end -}}
",
        "filename": "welcome.gotmpl",
      },
      {
        "content": "{{define "en"}}
<!doctype html>
<html lang="und" dir="auto" xmlns="http://www.w3.org/1999/xhtml" xmlns:v="urn:schemas-microsoft-com:vml" xmlns:o="urn:schemas-microsoft-com:office:office">

<head>
  <title></title>
  <!--[if !mso]><!-->
  <meta http-equiv="X-UA-Compatible" content="IE=edge">
  <!--<![endif]-->
  <meta http-equiv="Content-Type" content="text/html; charset=UTF-8">
  <meta name="viewport" content="width=device-width, initial-scale=1">
  <style type="text/css">
    #outlook a {
      padding: 0;
    }

    body {
      margin: 0;
      padding: 0;
      -webkit-text-size-adjust: 100%;
      -ms-text-size-adjust: 100%;
    }

    table,
    td {
      border-collapse: collapse;
      mso-table-lspace: 0pt;
      mso-table-rspace: 0pt;
    }

    img {
      border: 0;
      height: auto;
      line-height: 100%;
      outline: none;
      text-decoration: none;
      -ms-interpolation-mode: bicubic;
    }

    p {
      display: block;
      margin: 13px 0;
    }
  </style>
  <!--[if mso]>
    <noscript>
    <xml>
    <o:OfficeDocumentSettings>
      <o:AllowPNG/>
      <o:PixelsPerInch>96</o:PixelsPerInch>
    </o:OfficeDocumentSettings>
    </xml>
    </noscript>
    <![endif]-->
  <!--[if lte mso 11]>
    <style type="text/css">
      .mj-outlook-group-fix { width:100% !important; }
    </style>
    <![endif]-->

  <!--[if !mso]><!-->
  <link href="https://fonts.googleapis.com/css2?family=Inter:wght@400;500;700&display=swap" rel="stylesheet" type="text/css">
  <style type="text/css">
    @import url(https://fonts.googleapis.com/css2?family=Inter:wght@400;500;700&display=swap);
  </style>
  <!--<![endif]-->

  <style type="text/css">
    @media only screen and (min-width:480px) {
      .mj-column-per-100 {
        width: 100% !important;
        max-width: 100%;
      }
    }
  </style>
  <style media="screen and (min-width:480px)">
    .moz-text-html .mj-column-per-100 {
      width: 100% !important;
      max-width: 100%;
    }
  </style>

  <style type="text/css">
    @media only screen and (max-width:479px) {
      table.mj-full-width-mobile {
        width: 100% !important;
      }

      td.mj-full-width-mobile {
        width: auto !important;
      }
    }
  </style>

</head>

<body style="word-spacing:normal;background-color:#ffffff;">

  <div style="background-color:#ffffff;" lang="und" dir="auto">

    <!--[if mso | IE]><table align="center" border="0" cellpadding="0" cellspacing="0" class="" role="presentation" style="width:600px;" width="600" ><tr><td style="line-height:0px;font-size:0px;mso-line-height-rule:exactly;"><![endif]-->

    <div style="margin:0px auto;max-width:600px;">

      <table align="center" border="0" cellpadding="0" cellspacing="0" role="presentation" style="width:100%;">
        <tbody>
          <tr>
            <td style="direction:ltr;font-size:0px;padding:0;text-align:center;">
              <!--[if mso | IE]><table role="presentation" border="0" cellpadding="0" cellspacing="0"><tr><td class="" style="vertical-align:top;width:600px;" ><![endif]-->

              <div class="mj-column-per-100 mj-outlook-group-fix" style="font-size:0px;text-align:left;direction:ltr;display:inline-block;vertical-align:top;width:100%;">

                <table border="0" cellpadding="0" cellspacing="0" role="presentation" width="100%">
                  <tbody>
                    <tr>
                      <td style="vertical-align:top;padding:0;">

                        <table border="0" cellpadding="0" cellspacing="0" role="presentation" style width="100%">
                          <tbody>

                            <tr>
                              <td align="center" style="font-size:0px;padding:0;padding-bottom:32px;word-break:break-word;">

                                <table border="0" cellpadding="0" cellspacing="0" role="presentation" style="border-collapse:collapse;border-spacing:0px;">
                                  <tbody>
                                    <tr>
                                      <td style="width:120px;">

                                        <img alt="Welcome to our platform!" src="\${storage}/static/kratos-logo.png" style="border:0;display:block;outline:none;text-decoration:none;height:auto;width:100%;font-size:13px;" width="120" height="auto">

                                      </td>
                                    </tr>
                                  </tbody>
                                </table>

                              </td>
                            </tr>

                            <tr>
                              <td align="center" style="font-size:0px;padding:0;padding-bottom:24px;word-break:break-word;">

                                <div style="font-family:Inter, Arial, sans-serif;font-size:24px;font-weight:700;line-height:32px;text-align:center;color:#2563eb;">Welcome to our platform!</div>

                              </td>
                            </tr>

                            <tr>
                              <td align="left" style="font-size:0px;padding:0;padding-bottom:40px;word-break:break-word;">

                                <div style="font-family:Inter, Arial, sans-serif;font-size:16px;font-weight:400;line-height:24px;text-align:left;color:#374151;">Hello {{ .Identity.traits.first_name }}!</div>

                              </td>
                            </tr>

                            <tr>
                              <td align="left" style="font-size:0px;padding:0;padding-bottom:40px;word-break:break-word;">

                                <div style="font-family:Inter, Arial, sans-serif;font-size:16px;font-weight:400;line-height:24px;text-align:left;color:#374151;">Thank you for registering with us. Please use the verification code below to complete your account setup.</div>

                              </td>
                            </tr>

                            <tr>
                              <td align="center" class="code-block" style="background-color: #f3f4f6; border-radius: 6px; font-family: monospace; font-size: 0px; padding: 0; padding-bottom: 24px; word-break: break-word;" bgcolor="#f3f4f6">

                                <div style="font-family:Inter, Arial, sans-serif;font-size:20px;font-weight:700;line-height:28px;text-align:center;color:#1f2937;">Verification Code: {{ .VerificationCode }}</div>

                              </td>
                            </tr>

                            <tr>
                              <td align="left" style="font-size:0px;padding:0;padding-bottom:40px;word-break:break-word;">

                                <div style="font-family:Inter, Arial, sans-serif;font-size:16px;font-weight:400;line-height:24px;text-align:left;color:#374151;">Account: {{ .Identity.traits.email }} | Plan: {{ .Identity.traits.subscription_plan }}</div>

                              </td>
                            </tr>

                            <tr>
                              <td align="center" style="font-size:0px;padding:0;padding-bottom:20px;word-break:break-word;">

                                <p style="border-top:solid 1px #e5e7eb;font-size:1px;margin:0px auto;width:100%;">
                                </p>

                                <!--[if mso | IE]><table align="center" border="0" cellpadding="0" cellspacing="0" style="border-top:solid 1px #e5e7eb;font-size:1px;margin:0px auto;width:600px;" role="presentation" width="600px" ><tr><td style="height:0;line-height:0;"> &nbsp;
</td></tr></table><![endif]-->

                              </td>
                            </tr>

                            <tr>
                              <td align="center" style="font-size:0px;padding:0;padding-bottom:24px;word-break:break-word;">

                                <div style="font-family:Inter, Arial, sans-serif;font-size:12px;font-weight:400;line-height:18px;text-align:center;color:#6b7280;">This is an automated message. Please do not reply to this email.</div>

                              </td>
                            </tr>

                            <tr>
                              <td align="center" style="font-size:0px;padding:0;word-break:break-word;">

                                <div style="font-family:Inter, Arial, sans-serif;font-size:12px;font-weight:400;line-height:18px;text-align:center;color:#9ca3af;">Â© 2024 Example Company. All rights reserved.</div>

                              </td>
                            </tr>

                          </tbody>
                        </table>

                      </td>
                    </tr>
                  </tbody>
                </table>

              </div>

              <!--[if mso | IE]></td></tr></table><![endif]-->
            </td>
          </tr>
        </tbody>
      </table>

    </div>

    <!--[if mso | IE]></td></tr></table><![endif]-->

  </div>

</body>

</html>
{{end}}

{{define "pl"}}
<!doctype html>
<html lang="und" dir="auto" xmlns="http://www.w3.org/1999/xhtml" xmlns:v="urn:schemas-microsoft-com:vml" xmlns:o="urn:schemas-microsoft-com:office:office">

<head>
  <title></title>
  <!--[if !mso]><!-->
  <meta http-equiv="X-UA-Compatible" content="IE=edge">
  <!--<![endif]-->
  <meta http-equiv="Content-Type" content="text/html; charset=UTF-8">
  <meta name="viewport" content="width=device-width, initial-scale=1">
  <style type="text/css">
    #outlook a {
      padding: 0;
    }

    body {
      margin: 0;
      padding: 0;
      -webkit-text-size-adjust: 100%;
      -ms-text-size-adjust: 100%;
    }

    table,
    td {
      border-collapse: collapse;
      mso-table-lspace: 0pt;
      mso-table-rspace: 0pt;
    }

    img {
      border: 0;
      height: auto;
      line-height: 100%;
      outline: none;
      text-decoration: none;
      -ms-interpolation-mode: bicubic;
    }

    p {
      display: block;
      margin: 13px 0;
    }
  </style>
  <!--[if mso]>
    <noscript>
    <xml>
    <o:OfficeDocumentSettings>
      <o:AllowPNG/>
      <o:PixelsPerInch>96</o:PixelsPerInch>
    </o:OfficeDocumentSettings>
    </xml>
    </noscript>
    <![endif]-->
  <!--[if lte mso 11]>
    <style type="text/css">
      .mj-outlook-group-fix { width:100% !important; }
    </style>
    <![endif]-->

  <!--[if !mso]><!-->
  <link href="https://fonts.googleapis.com/css2?family=Inter:wght@400;500;700&display=swap" rel="stylesheet" type="text/css">
  <style type="text/css">
    @import url(https://fonts.googleapis.com/css2?family=Inter:wght@400;500;700&display=swap);
  </style>
  <!--<![endif]-->

  <style type="text/css">
    @media only screen and (min-width:480px) {
      .mj-column-per-100 {
        width: 100% !important;
        max-width: 100%;
      }
    }
  </style>
  <style media="screen and (min-width:480px)">
    .moz-text-html .mj-column-per-100 {
      width: 100% !important;
      max-width: 100%;
    }
  </style>

  <style type="text/css">
    @media only screen and (max-width:479px) {
      table.mj-full-width-mobile {
        width: 100% !important;
      }

      td.mj-full-width-mobile {
        width: auto !important;
      }
    }
  </style>

</head>

<body style="word-spacing:normal;background-color:#ffffff;">

  <div style="background-color:#ffffff;" lang="und" dir="auto">

    <!--[if mso | IE]><table align="center" border="0" cellpadding="0" cellspacing="0" class="" role="presentation" style="width:600px;" width="600" ><tr><td style="line-height:0px;font-size:0px;mso-line-height-rule:exactly;"><![endif]-->

    <div style="margin:0px auto;max-width:600px;">

      <table align="center" border="0" cellpadding="0" cellspacing="0" role="presentation" style="width:100%;">
        <tbody>
          <tr>
            <td style="direction:ltr;font-size:0px;padding:0;text-align:center;">
              <!--[if mso | IE]><table role="presentation" border="0" cellpadding="0" cellspacing="0"><tr><td class="" style="vertical-align:top;width:600px;" ><![endif]-->

              <div class="mj-column-per-100 mj-outlook-group-fix" style="font-size:0px;text-align:left;direction:ltr;display:inline-block;vertical-align:top;width:100%;">

                <table border="0" cellpadding="0" cellspacing="0" role="presentation" width="100%">
                  <tbody>
                    <tr>
                      <td style="vertical-align:top;padding:0;">

                        <table border="0" cellpadding="0" cellspacing="0" role="presentation" style width="100%">
                          <tbody>

                            <tr>
                              <td align="center" style="font-size:0px;padding:0;padding-bottom:32px;word-break:break-word;">

                                <table border="0" cellpadding="0" cellspacing="0" role="presentation" style="border-collapse:collapse;border-spacing:0px;">
                                  <tbody>
                                    <tr>
                                      <td style="width:120px;">

                                        <img alt="Witamy na naszej platformie!" src="\${storage}/static/kratos-logo.png" style="border:0;display:block;outline:none;text-decoration:none;height:auto;width:100%;font-size:13px;" width="120" height="auto">

                                      </td>
                                    </tr>
                                  </tbody>
                                </table>

                              </td>
                            </tr>

                            <tr>
                              <td align="center" style="font-size:0px;padding:0;padding-bottom:24px;word-break:break-word;">

                                <div style="font-family:Inter, Arial, sans-serif;font-size:24px;font-weight:700;line-height:32px;text-align:center;color:#2563eb;">Witamy na naszej platformie!</div>

                              </td>
                            </tr>

                            <tr>
                              <td align="left" style="font-size:0px;padding:0;padding-bottom:40px;word-break:break-word;">

                                <div style="font-family:Inter, Arial, sans-serif;font-size:16px;font-weight:400;line-height:24px;text-align:left;color:#374151;">Witaj {{ .Identity.traits.first_name }}!</div>

                              </td>
                            </tr>

                            <tr>
                              <td align="left" style="font-size:0px;padding:0;padding-bottom:40px;word-break:break-word;">

                                <div style="font-family:Inter, Arial, sans-serif;font-size:16px;font-weight:400;line-height:24px;text-align:left;color:#374151;">DziÄkujemy za rejestracjÄ. UÅ¼yj poniÅ¼szego kodu weryfikacyjnego, aby dokoÅczyÄ konfiguracjÄ konta.</div>

                              </td>
                            </tr>

                            <tr>
                              <td align="center" class="code-block" style="background-color: #f3f4f6; border-radius: 6px; font-family: monospace; font-size: 0px; padding: 0; padding-bottom: 24px; word-break: break-word;" bgcolor="#f3f4f6">

                                <div style="font-family:Inter, Arial, sans-serif;font-size:20px;font-weight:700;line-height:28px;text-align:center;color:#1f2937;">Kod weryfikacyjny: {{ .VerificationCode }}</div>

                              </td>
                            </tr>

                            <tr>
                              <td align="left" style="font-size:0px;padding:0;padding-bottom:40px;word-break:break-word;">

                                <div style="font-family:Inter, Arial, sans-serif;font-size:16px;font-weight:400;line-height:24px;text-align:left;color:#374151;">Konto: {{ .Identity.traits.email }} | Plan: {{ .Identity.traits.subscription_plan }}</div>

                              </td>
                            </tr>

                            <tr>
                              <td align="center" style="font-size:0px;padding:0;padding-bottom:20px;word-break:break-word;">

                                <p style="border-top:solid 1px #e5e7eb;font-size:1px;margin:0px auto;width:100%;">
                                </p>

                                <!--[if mso | IE]><table align="center" border="0" cellpadding="0" cellspacing="0" style="border-top:solid 1px #e5e7eb;font-size:1px;margin:0px auto;width:600px;" role="presentation" width="600px" ><tr><td style="height:0;line-height:0;"> &nbsp;
</td></tr></table><![endif]-->

                              </td>
                            </tr>

                            <tr>
                              <td align="center" style="font-size:0px;padding:0;padding-bottom:24px;word-break:break-word;">

                                <div style="font-family:Inter, Arial, sans-serif;font-size:12px;font-weight:400;line-height:18px;text-align:center;color:#6b7280;">To jest automatyczna wiadomoÅÄ. ProszÄ nie odpowiadaÄ na ten email.</div>

                              </td>
                            </tr>

                            <tr>
                              <td align="center" style="font-size:0px;padding:0;word-break:break-word;">

                                <div style="font-family:Inter, Arial, sans-serif;font-size:12px;font-weight:400;line-height:18px;text-align:center;color:#9ca3af;">Â© 2024 PrzykÅadowa Firma. Wszelkie prawa zastrzeÅ¼one.</div>

                              </td>
                            </tr>

                          </tbody>
                        </table>

                      </td>
                    </tr>
                  </tbody>
                </table>

              </div>

              <!--[if mso | IE]></td></tr></table><![endif]-->
            </td>
          </tr>
        </tbody>
      </table>

    </div>

    <!--[if mso | IE]></td></tr></table><![endif]-->

  </div>

</body>

</html>
{{end}}

{{- if eq .Identity.traits.lang "pl" -}}
{{ template "pl" . }}
{{- else -}}
{{ template "en" . }}
{{- end -}}
",
        "filename": "welcome.gotmpl",
      },
    ],
  },
  {
    "mjmlParseErrors": [],
    "name": "welcome",
    "outputTemplates": [
      {
        "content": "{{define "en"}}
Welcome to our platform!

Hello {{ .Identity.traits.first_name }}!

Thank you for registering with us. Please use the verification code below to complete your account setup.

Verification Code: {{ .VerificationCode }}

Account: {{ .Identity.traits.email }} | Plan: {{ .Identity.traits.subscription_plan }}

This is an automated message. Please do not reply to this email.

Â© 2024 Example Company. All rights reserved. 
{{end}}

{{define "pl"}}
Witamy na naszej platformie!

Witaj {{ .Identity.traits.first_name }}!

DziÄkujemy za rejestracjÄ. UÅ¼yj poniÅ¼szego kodu weryfikacyjnego, aby dokoÅczyÄ konfiguracjÄ konta.

Kod weryfikacyjny: {{ .VerificationCode }}

Konto: {{ .Identity.traits.email }} | Plan: {{ .Identity.traits.subscription_plan }}

To jest automatyczna wiadomoÅÄ. ProszÄ nie odpowiadaÄ na ten email.

Â© 2024 PrzykÅadowa Firma. Wszelkie prawa zastrzeÅ¼one. 
{{end}}

{{- if eq .Identity.traits.lang "pl" -}}
{{ template "pl" . }}
{{- else -}}
{{ template "en" . }}
{{- end -}}
",
        "filename": "welcome.plaintext.gotmpl",
      },
      {
        "content": "{{define "en"}}
Welcome to our platform!

Hello {{ .Identity.traits.first_name }}!

Thank you for registering with us. Please use the verification code below to complete your account setup.

Verification Code: {{ .VerificationCode }}

Account: {{ .Identity.traits.email }} | Plan: {{ .Identity.traits.subscription_plan }}

This is an automated message. Please do not reply to this email.

Â© 2024 Example Company. All rights reserved. 
{{end}}

{{define "pl"}}
Witamy na naszej platformie!

Witaj {{ .Identity.traits.first_name }}!

DziÄkujemy za rejestracjÄ. UÅ¼yj poniÅ¼szego kodu weryfikacyjnego, aby dokoÅczyÄ konfiguracjÄ konta.

Kod weryfikacyjny: {{ .VerificationCode }}

Konto: {{ .Identity.traits.email }} | Plan: {{ .Identity.traits.subscription_plan }}

To jest automatyczna wiadomoÅÄ. ProszÄ nie odpowiadaÄ na ten email.

Â© 2024 PrzykÅadowa Firma. Wszelkie prawa zastrzeÅ¼one. 
{{end}}

{{- if eq .Identity.traits.lang "pl" -}}
{{ template "pl" . }}
{{- else -}}
{{ template "en" . }}
{{- end -}}
",
        "filename": "welcome.plaintext.gotmpl",
      },
    ],
  },
]
`;
